------------------------------------------------------------
Timing Analyzer Summary
------------------------------------------------------------

Type  : Slow 1100mV 85C Model Setup 'CLOCK_50'
Slack : -4.218
TNS   : -4.218

Type  : Slow 1100mV 85C Model Setup 'avconf:av_config|mI2C_CTRL_CLK'
Slack : -2.528
TNS   : -131.035

Type  : Slow 1100mV 85C Model Hold 'CLOCK_50'
Slack : 0.341
TNS   : 0.000

Type  : Slow 1100mV 85C Model Hold 'avconf:av_config|mI2C_CTRL_CLK'
Slack : 0.363
TNS   : 0.000

Type  : Slow 1100mV 85C Model Minimum Pulse Width 'avconf:av_config|mI2C_CTRL_CLK'
Slack : -0.394
TNS   : -37.081

Type  : Slow 1100mV 85C Model Minimum Pulse Width 'processor|Audio_Clock|altpll_component|auto_generated|generic_pll1~FRACTIONAL_PLL|vcoph[0]'
Slack : 1.666
TNS   : 0.000

Type  : Slow 1100mV 85C Model Minimum Pulse Width 'CLOCK_50'
Slack : 8.823
TNS   : 0.000

Type  : Slow 1100mV 0C Model Setup 'CLOCK_50'
Slack : -4.045
TNS   : -4.045

Type  : Slow 1100mV 0C Model Setup 'avconf:av_config|mI2C_CTRL_CLK'
Slack : -2.488
TNS   : -126.545

Type  : Slow 1100mV 0C Model Hold 'CLOCK_50'
Slack : 0.340
TNS   : 0.000

Type  : Slow 1100mV 0C Model Hold 'avconf:av_config|mI2C_CTRL_CLK'
Slack : 0.341
TNS   : 0.000

Type  : Slow 1100mV 0C Model Minimum Pulse Width 'avconf:av_config|mI2C_CTRL_CLK'
Slack : -0.394
TNS   : -36.902

Type  : Slow 1100mV 0C Model Minimum Pulse Width 'processor|Audio_Clock|altpll_component|auto_generated|generic_pll1~FRACTIONAL_PLL|vcoph[0]'
Slack : 1.666
TNS   : 0.000

Type  : Slow 1100mV 0C Model Minimum Pulse Width 'CLOCK_50'
Slack : 8.784
TNS   : 0.000

Type  : Fast 1100mV 85C Model Setup 'CLOCK_50'
Slack : -3.343
TNS   : -3.343

Type  : Fast 1100mV 85C Model Setup 'avconf:av_config|mI2C_CTRL_CLK'
Slack : -1.156
TNS   : -56.047

Type  : Fast 1100mV 85C Model Hold 'avconf:av_config|mI2C_CTRL_CLK'
Slack : 0.147
TNS   : 0.000

Type  : Fast 1100mV 85C Model Hold 'CLOCK_50'
Slack : 0.180
TNS   : 0.000

Type  : Fast 1100mV 85C Model Minimum Pulse Width 'avconf:av_config|mI2C_CTRL_CLK'
Slack : 0.040
TNS   : 0.000

Type  : Fast 1100mV 85C Model Minimum Pulse Width 'processor|Audio_Clock|altpll_component|auto_generated|generic_pll1~FRACTIONAL_PLL|vcoph[0]'
Slack : 1.666
TNS   : 0.000

Type  : Fast 1100mV 85C Model Minimum Pulse Width 'CLOCK_50'
Slack : 8.822
TNS   : 0.000

Type  : Fast 1100mV 0C Model Setup 'CLOCK_50'
Slack : -2.797
TNS   : -2.797

Type  : Fast 1100mV 0C Model Setup 'avconf:av_config|mI2C_CTRL_CLK'
Slack : -1.024
TNS   : -48.042

Type  : Fast 1100mV 0C Model Hold 'avconf:av_config|mI2C_CTRL_CLK'
Slack : 0.133
TNS   : 0.000

Type  : Fast 1100mV 0C Model Hold 'CLOCK_50'
Slack : 0.169
TNS   : 0.000

Type  : Fast 1100mV 0C Model Minimum Pulse Width 'avconf:av_config|mI2C_CTRL_CLK'
Slack : 0.059
TNS   : 0.000

Type  : Fast 1100mV 0C Model Minimum Pulse Width 'processor|Audio_Clock|altpll_component|auto_generated|generic_pll1~FRACTIONAL_PLL|vcoph[0]'
Slack : 1.666
TNS   : 0.000

Type  : Fast 1100mV 0C Model Minimum Pulse Width 'CLOCK_50'
Slack : 8.817
TNS   : 0.000

------------------------------------------------------------
